Timer.h:29:5:getDuration	40	static
Timer.h:34:6:setSEG1Timer	24	static
Timer.h:40:6:timerseg1Run	4	static
Timer.h:46:6:setLightTimer	24	static
Timer.h:51:6:timerLightRun	4	static
Timer.h:57:6:setAdjustLightTimer	24	static
Timer.h:62:6:timerAdjustLightRun	4	static
Timer.h:68:6:setButtonCooldownTimer	24	static
Timer.h:73:6:timerButtonCooldownRun	4	static
input_processing.c:40:6:checkAdjustMode	8	static
input_processing.c:77:6:setDuration	16	static
input_processing.c:93:6:applyDuration	4	static
input_processing.c:100:6:fsm_for_mode_button	16	static
input_processing.c:134:6:fsm_for_increasing_button	16	static
input_processing.c:174:6:fsm_for_set_button	16	static
input_processing.c:207:6:fsm_for_traffic_light	16	static
input_processing.c:280:6:fsm_for_adjusting_light	16	static
input_processing.c:314:6:updatenumSEG	16	static
input_processing.c:327:6:updateSEG	16	static
input_processing.c:358:6:displaySEG2	16	static
input_processing.c:364:6:displaySEG1	16	static
input_processing.c:371:6:changeAutoTrafficLights	16	static
input_processing.c:401:6:changeBlinkTrafficLights	16	static
input_processing.c:426:6:displayLedinManualMode	8	static
